// Jest Snapshot v1, https://goo.gl/fbAQLP

exports[`GigsCalendar Interaction matches snapshot 1`] = `[Function]`;
