// Jest Snapshot v1, https://goo.gl/fbAQLP

exports[`ProfileProgressDisplay Component matches snapshot 1`] = `[Function]`;
